exports[`test/unit/md-table-test.js createTable alignment should align to a wide header 1`] = `
"| a | b | wide_header |
|---|---|-------------|
| 1 | 2 | 3           |
| 4 | 5 | 6           |"
`;

exports[`test/unit/md-table-test.js createTable alignment should align to a wide record value 1`] = `
"| a            | b                   | wide_header |
|--------------|---------------------|-------------|
| lots of text | 2                   | 3           |
| 4            | another long string | 6           |"
`;

exports[`test/unit/md-table-test.js createTable when one of the headers is never used should not include the column 1`] = `
"| a | c |
|---|---|
| 1 | 3 |
| 4 | 6 |"
`;

exports[`test/unit/md-table-test.js createTable with simple headers and records should return a markdown table 1`] = `
"| a | b | c |
|---|---|---|
| 1 | 2 | 3 |
| 4 | 5 | 6 |"
`;
